2026-08-24T08:12:51+00:00 INFO    [event=application.started] IPTV-API 版本: 3.0.0 (构建时间: 2026-08-07 11:45:59)
2026-08-24T08:12:51+00:00 INFO    [phase=prepare event=network.ipv6.checking] 🛜 正在检查当前网络是否支持IPv6...
2026-08-24T08:12:51+00:00 WARNING [phase=prepare event=network.ipv6.unsupported] 当前网络不支持IPv6，别担心，IPv6的结果会被保存下来
2026-08-24T08:12:51+00:00 INFO    [run=b5c5840800684c7d9d0aa2b49d7db842 phase=prepare event=run.started] 性能模式: auto → balance，可用资源: 4.0 CPU / 15.61 GB，并发: 测速 8、媒体探测 2、源抓取 8
2026-08-24T08:12:51+00:00 INFO    [run=b5c5840800684c7d9d0aa2b49d7db842 phase=prepare event=channels.catalog_loaded] 频道目录已加载：白名单 0，黑名单 2，台标 21
2026-08-24T08:12:51+00:00 INFO    [run=b5c5840800684c7d9d0aa2b49d7db842 phase=fetch event=sources.subscribe.summary] 订阅源数量：0，订阅白名单数量：0，停用地址数量：0，有效总数量：0
2026-08-24T08:12:51+00:00 WARNING [run=b5c5840800684c7d9d0aa2b49d7db842 phase=fetch event=sources.subscribe.empty] 没有找到有效的订阅地址，请检查文件：config/subscribe.txt，需要添加订阅地址后才能获取订阅源！
2026-08-24T08:12:51+00:00 INFO    [run=b5c5840800684c7d9d0aa2b49d7db842 phase=fetch event=sources.epg.summary] EPG源数量：1，EPG白名单数量：0，停用地址数量：0，有效总数量：1
2026-08-24T08:12:51+00:00 INFO    [run=b5c5840800684c7d9d0aa2b49d7db842 phase=fetch event=progress.started] 正在进行获取EPG源  0/1
2026-08-24T08:12:52+00:00 INFO    [run=b5c5840800684c7d9d0aa2b49d7db842 phase=fetch event=epg.source_parsed] EPG 源解析完成：http://e.erw.cc/e.xml.gz，保留节目 2374 条
2026-08-24T08:12:52+00:00 INFO    [run=b5c5840800684c7d9d0aa2b49d7db842 phase=fetch event=progress.updated] 正在进行获取EPG源  1/1 (100%)  剩余 0
2026-08-24T08:12:52+00:00 INFO    [run=b5c5840800684c7d9d0aa2b49d7db842 phase=fetch event=sources.epg.finished] EPG源: ✅ 有效地址数量：1，⛔ 停用地址数量：0
2026-08-24T08:12:52+00:00 INFO    [run=b5c5840800684c7d9d0aa2b49d7db842 phase=fetch event=progress.finished] 正在进行获取EPG源  1/1  匹配 62 个频道
2026-08-24T08:12:52+00:00 INFO    [run=b5c5840800684c7d9d0aa2b49d7db842 phase=aggregate event=channels.aggregated] 频道数据聚合完成：72 个频道，0 个接口（IPv4 0 / IPv6 0）
2026-08-24T08:12:52+00:00 WARNING [run=b5c5840800684c7d9d0aa2b49d7db842 phase=aggregate event=run.empty_data] 未生成频道数据：模板包含 74 个频道，但没有配置任何可用接口。
下一步：在 config/subscribe.txt 添加 txt/m3u 订阅地址，或在 config/local.txt 添加本地频道接口。Docker 用户请确认挂载后的 /iptv-api/config/subscribe.txt 不是空文件。教程：https://github.com/Guovin/iptv-api/blob/master/docs/tutorial.md#添加数据源与更多
2026-08-24T08:12:52+00:00 INFO    [run=b5c5840800684c7d9d0aa2b49d7db842 phase=speed_test event=speed_test.planned] 总接口数量: 0, 需要进行测速的接口数量: 0
2026-08-24T08:12:52+00:00 INFO    [run=b5c5840800684c7d9d0aa2b49d7db842 phase=output event=output.written] 结果文件生成完成：更新 3 个文件
2026-08-24T08:12:53+00:00 INFO    [run=b5c5840800684c7d9d0aa2b49d7db842 phase=statistics event=statistics.finished] 频道统计完成：测试 0，有效 0
2026-08-24T08:12:53+00:00 INFO    [run=b5c5840800684c7d9d0aa2b49d7db842 phase=complete event=run.summary] 更新摘要
2026-08-24T08:12:53+00:00 WARNING [run=b5c5840800684c7d9d0aa2b49d7db842 phase=complete event=run.finished] 运行完成，但未生成频道数据，请按提示配置或检查数据源。
2026-08-24T09:06:36+00:00 INFO    [event=application.started] IPTV-API 版本: 3.0.0 (构建时间: 2026-08-07 11:45:59)
2026-08-24T09:06:36+00:00 INFO    [phase=prepare event=network.ipv6.checking] 🛜 正在检查当前网络是否支持IPv6...
2026-08-24T09:06:36+00:00 WARNING [phase=prepare event=network.ipv6.unsupported] 当前网络不支持IPv6，别担心，IPv6的结果会被保存下来
2026-08-24T09:06:36+00:00 INFO    [run=330a7e6fcc8245498c0e84b39e3be44a phase=prepare event=run.started] 性能模式: auto → balance，可用资源: 4.0 CPU / 15.61 GB，并发: 测速 8、媒体探测 2、源抓取 8
2026-08-24T09:06:36+00:00 INFO    [run=330a7e6fcc8245498c0e84b39e3be44a phase=prepare event=channels.catalog_loaded] 频道目录已加载：白名单 0，黑名单 2，台标 21
2026-08-24T09:06:36+00:00 INFO    [run=330a7e6fcc8245498c0e84b39e3be44a phase=fetch event=sources.subscribe.summary] 订阅源数量：0，订阅白名单数量：0，停用地址数量：0，有效总数量：0
2026-08-24T09:06:36+00:00 WARNING [run=330a7e6fcc8245498c0e84b39e3be44a phase=fetch event=sources.subscribe.empty] 没有找到有效的订阅地址，请检查文件：config/subscribe.txt，需要添加订阅地址后才能获取订阅源！
2026-08-24T09:06:36+00:00 INFO    [run=330a7e6fcc8245498c0e84b39e3be44a phase=fetch event=sources.epg.summary] EPG源数量：1，EPG白名单数量：0，停用地址数量：0，有效总数量：1
2026-08-24T09:06:36+00:00 INFO    [run=330a7e6fcc8245498c0e84b39e3be44a phase=fetch event=progress.started] 正在进行获取EPG源  0/1
2026-08-24T09:06:38+00:00 INFO    [run=330a7e6fcc8245498c0e84b39e3be44a phase=fetch event=epg.source_parsed] EPG 源解析完成：http://e.erw.cc/e.xml.gz，保留节目 2374 条
2026-08-24T09:06:38+00:00 INFO    [run=330a7e6fcc8245498c0e84b39e3be44a phase=fetch event=progress.updated] 正在进行获取EPG源  1/1 (100%)  剩余 0
2026-08-24T09:06:38+00:00 INFO    [run=330a7e6fcc8245498c0e84b39e3be44a phase=fetch event=sources.epg.finished] EPG源: ✅ 有效地址数量：1，⛔ 停用地址数量：0
2026-08-24T09:06:38+00:00 INFO    [run=330a7e6fcc8245498c0e84b39e3be44a phase=fetch event=progress.finished] 正在进行获取EPG源  1/1  匹配 62 个频道
2026-08-24T09:06:38+00:00 INFO    [run=330a7e6fcc8245498c0e84b39e3be44a phase=aggregate event=channels.aggregated] 频道数据聚合完成：72 个频道，0 个接口（IPv4 0 / IPv6 0）
2026-08-24T09:06:38+00:00 WARNING [run=330a7e6fcc8245498c0e84b39e3be44a phase=aggregate event=run.empty_data] 未生成频道数据：模板包含 74 个频道，但没有配置任何可用接口。
下一步：在 config/subscribe.txt 添加 txt/m3u 订阅地址，或在 config/local.txt 添加本地频道接口。Docker 用户请确认挂载后的 /iptv-api/config/subscribe.txt 不是空文件。教程：https://github.com/Guovin/iptv-api/blob/master/docs/tutorial.md#添加数据源与更多
2026-08-24T09:06:38+00:00 INFO    [run=330a7e6fcc8245498c0e84b39e3be44a phase=speed_test event=speed_test.planned] 总接口数量: 0, 需要进行测速的接口数量: 0
2026-08-24T09:06:38+00:00 INFO    [run=330a7e6fcc8245498c0e84b39e3be44a phase=output event=output.written] 结果文件生成完成：更新 3 个文件
2026-08-24T09:06:38+00:00 INFO    [run=330a7e6fcc8245498c0e84b39e3be44a phase=statistics event=statistics.finished] 频道统计完成：测试 0，有效 0
2026-08-24T09:06:38+00:00 INFO    [run=330a7e6fcc8245498c0e84b39e3be44a phase=complete event=run.summary] 更新摘要
2026-08-24T09:06:38+00:00 WARNING [run=330a7e6fcc8245498c0e84b39e3be44a phase=complete event=run.finished] 运行完成，但未生成频道数据，请按提示配置或检查数据源。
2026-08-24T10:10:21+00:00 INFO    [event=application.started] IPTV-API 版本: 3.0.0 (构建时间: 2026-08-07 11:45:59)
2026-08-24T10:10:21+00:00 INFO    [phase=prepare event=network.ipv6.checking] 🛜 正在检查当前网络是否支持IPv6...
2026-08-24T10:10:22+00:00 WARNING [phase=prepare event=network.ipv6.unsupported] 当前网络不支持IPv6，别担心，IPv6的结果会被保存下来
2026-08-24T10:10:22+00:00 INFO    [run=cb43d6debc69441a8ba92057c136cbe1 phase=prepare event=run.started] 性能模式: auto → balance，可用资源: 4.0 CPU / 15.61 GB，并发: 测速 8、媒体探测 2、源抓取 8
2026-08-24T10:10:22+00:00 INFO    [run=cb43d6debc69441a8ba92057c136cbe1 phase=prepare event=channels.catalog_loaded] 频道目录已加载：白名单 0，黑名单 2，台标 21
2026-08-24T10:10:22+00:00 INFO    [run=cb43d6debc69441a8ba92057c136cbe1 phase=fetch event=sources.subscribe.summary] 订阅源数量：4，订阅白名单数量：0，停用地址数量：0，有效总数量：4
2026-08-24T10:10:22+00:00 INFO    [run=cb43d6debc69441a8ba92057c136cbe1 phase=fetch event=progress.started] 正在进行获取订阅源  0/4
2026-08-24T10:10:22+00:00 INFO    [run=cb43d6debc69441a8ba92057c136cbe1 phase=fetch event=sources.epg.summary] EPG源数量：1，EPG白名单数量：0，停用地址数量：0，有效总数量：1
2026-08-24T10:10:22+00:00 INFO    [run=cb43d6debc69441a8ba92057c136cbe1 phase=fetch event=progress.started] 正在进行获取EPG源  0/1
2026-08-24T10:10:22+00:00 INFO    [run=cb43d6debc69441a8ba92057c136cbe1 phase=fetch event=epg.source_parsed] EPG 源解析完成：http://e.erw.cc/e.xml.gz，保留节目 2374 条
2026-08-24T10:10:22+00:00 INFO    [run=cb43d6debc69441a8ba92057c136cbe1 phase=fetch event=progress.updated] 正在进行获取EPG源  1/1 (100%)  剩余 0
2026-08-24T10:10:22+00:00 INFO    [run=cb43d6debc69441a8ba92057c136cbe1 phase=fetch event=sources.epg.finished] EPG源: ✅ 有效地址数量：1，⛔ 停用地址数量：0
2026-08-24T10:10:22+00:00 INFO    [run=cb43d6debc69441a8ba92057c136cbe1 phase=fetch event=progress.finished] 正在进行获取EPG源  1/1  匹配 62 个频道
2026-08-24T10:10:23+00:00 INFO    [run=cb43d6debc69441a8ba92057c136cbe1 phase=fetch event=progress.updated] 正在进行获取订阅源  1/4 (25%)  剩余 3
2026-08-24T10:10:23+00:00 INFO    [run=cb43d6debc69441a8ba92057c136cbe1 phase=fetch event=progress.updated] 正在进行获取订阅源  2/4 (50%)  剩余 2
2026-08-24T10:10:23+00:00 INFO    [run=cb43d6debc69441a8ba92057c136cbe1 phase=fetch event=progress.updated] 正在进行获取订阅源  3/4 (75%)  剩余 1
2026-08-24T10:10:23+00:00 INFO    [run=cb43d6debc69441a8ba92057c136cbe1 phase=fetch event=progress.updated] 正在进行获取订阅源  4/4 (100%)  剩余 0
2026-08-24T10:10:23+00:00 INFO    [run=cb43d6debc69441a8ba92057c136cbe1 phase=fetch event=sources.subscribe.finished] 订阅源: ✅ 有效地址数量：4，⛔ 停用地址数量：0
2026-08-24T10:10:23+00:00 INFO    [run=cb43d6debc69441a8ba92057c136cbe1 phase=fetch event=progress.finished] 正在进行获取订阅源  4/4  未匹配 357
2026-08-24T10:10:24+00:00 INFO    [run=cb43d6debc69441a8ba92057c136cbe1 phase=aggregate event=channels.aggregated] 频道数据聚合完成：72 个频道，76 个接口（IPv4 76 / IPv6 0）
2026-08-24T10:10:24+00:00 INFO    [run=cb43d6debc69441a8ba92057c136cbe1 phase=speed_test event=speed_test.planned] 总接口数量: 73, 需要进行测速的接口数量: 73
2026-08-24T10:10:24+00:00 INFO    [run=cb43d6debc69441a8ba92057c136cbe1 phase=speed_test event=progress.started] 测速  0/73
2026-08-24T10:10:24+00:00 INFO    [run=cb43d6debc69441a8ba92057c136cbe1 phase=speed_test event=progress.updated] 测速  1/73 (1%)  有效 0  失败 1  CCTV-1
2026-08-24T10:10:27+00:00 INFO    [run=cb43d6debc69441a8ba92057c136cbe1 phase=speed_test event=progress.updated] 测速  9/73 (12%)  有效 0  失败 9  CCTV-7
2026-08-24T10:10:27+00:00 INFO    [run=cb43d6debc69441a8ba92057c136cbe1 phase=speed_test event=progress.updated] 测速  17/73 (23%)  有效 0  失败 17  CCTV-5+
2026-08-24T10:10:28+00:00 INFO    [run=cb43d6debc69441a8ba92057c136cbe1 phase=speed_test event=progress.updated] 测速  25/73 (34%)  有效 0  失败 25  CCTV-8
2026-08-24T10:10:29+00:00 INFO    [run=cb43d6debc69441a8ba92057c136cbe1 phase=speed_test event=progress.updated] 测速  33/73 (45%)  有效 0  失败 33  北京卫视
2026-08-24T10:10:30+00:00 INFO    [run=cb43d6debc69441a8ba92057c136cbe1 phase=speed_test event=progress.updated] 测速  41/73 (56%)  有效 0  失败 41  东方卫视
2026-08-24T10:10:31+00:00 INFO    [run=cb43d6debc69441a8ba92057c136cbe1 phase=speed_test event=progress.updated] 测速  49/73 (67%)  有效 0  失败 49  CCTV-17
2026-08-24T10:10:31+00:00 INFO    [run=cb43d6debc69441a8ba92057c136cbe1 phase=speed_test event=progress.updated] 测速  57/73 (78%)  有效 0  失败 57  宁夏卫视
2026-08-24T10:10:32+00:00 INFO    [run=cb43d6debc69441a8ba92057c136cbe1 phase=speed_test event=progress.updated] 测速  65/73 (89%)  有效 0  失败 65  东方卫视
2026-08-24T10:10:39+00:00 INFO    [run=cb43d6debc69441a8ba92057c136cbe1 phase=speed_test event=progress.updated] 测速  73/73 (100%)  有效 1  失败 72  广州综合
2026-08-24T10:10:39+00:00 INFO    [run=cb43d6debc69441a8ba92057c136cbe1 phase=speed_test event=speed_test.artifacts_written] 测速明细已写入 output/log/speed_test.log，有效结果已写入 output/log/result.log
2026-08-24T10:10:39+00:00 INFO    [run=cb43d6debc69441a8ba92057c136cbe1 phase=speed_test event=progress.finished] 测速  73/73  有效 1  失败 72
2026-08-24T10:10:39+00:00 INFO    [run=cb43d6debc69441a8ba92057c136cbe1 phase=output event=output.written] 结果文件生成完成：更新 3 个文件
2026-08-24T10:10:39+00:00 INFO    [run=cb43d6debc69441a8ba92057c136cbe1 phase=statistics event=statistics.finished] 频道统计完成：测试 73，有效 1
2026-08-24T10:10:39+00:00 INFO    [run=cb43d6debc69441a8ba92057c136cbe1 phase=complete event=run.summary] 更新摘要
2026-08-24T10:10:39+00:00 INFO    [run=cb43d6debc69441a8ba92057c136cbe1 phase=complete event=run.finished] 更新完成！总耗时：00:17
